// Jest Snapshot v1, https://goo.gl/fbAQLP

exports[`Test PCAPs pcap button downloads deterministically-formed pcap file 1`] = `
Array [
  "ts",
  "_path",
  "uid",
  "id.orig_h",
  "id.orig_p",
  "id.resp_h",
  "id.resp_p",
  "version",
  "cipher",
  "curve",
  "server_name",
  "resumed",
  "last_alert",
  "next_protocol",
  "established",
  "cert_chain_fuids",
  "client_cert_chain_fuids",
  "subject",
  "issuer",
  "client_subject",
  "client_issuer",
  "validation_status",
  "02/25/2016:0314.0210",
  "ssl",
  "CBdn7C5Fbcmgp64Te",
  "192.168.1.110",
  "57640",
  "209.216.230.240",
  "443",
  "TLSv12",
  "TLS_ECDHE_RSA_WITH_AES_256_GCM_SHA384",
  "secp256r1",
  "news.ycombinator.com",
  "F",
  "⦻",
  "http/1.1",
  "T",
  "FXkLzR25cwYgeI5yI7",
  "Frbo5s1CRsV02JUoSe",
  "F1VUER3CattO8PiHWc",
  "CN=news.ycombinator.com,O=Y Combinator\\\\, Inc.,L=San Francisco,ST=California,C=US",
  "CN=DigiCert SHA2 Secure Server CA,O=DigiCert Inc,C=US",
  "⦻",
  "⦻",
  "ok",
]
`;
